[INFO] [launch]: All log files can be found below /home/dev/.ros/log/2026-08-13-09-07-32-509878-suns-101851
[INFO] [launch]: Default logging verbosity is set to INFO
[INFO] [gz-1]: process started with pid [101855]
[INFO] [parameter_bridge-2]: process started with pid [101856]
[INFO] [lidar_preprocessor-3]: process started with pid [101857]
[INFO] [vehicle_cmd_bridge-4]: process started with pid [101858]
[INFO] [robot_state_publisher-5]: process started with pid [101859]
[INFO] [static_transform_publisher-6]: process started with pid [101860]
[INFO] [create-7]: process started with pid [101861]
[INFO] [parameter_bridge-8]: process started with pid [101862]
[INFO] [npc_controller-9]: process started with pid [101863]
[INFO] [obstacle_truth-10]: process started with pid [101864]
[INFO] [perception_node-11]: process started with pid [101866]
[INFO] [prediction_node-12]: process started with pid [101868]
[INFO] [map_node-13]: process started with pid [101873]
[INFO] [planning_node-14]: process started with pid [101888]
[INFO] [control_node-15]: process started with pid [101890]
[static_transform_publisher-6] [INFO] [1786612052.669690884] [map_to_odom_static]: Spinning until stopped - publishing transform
[static_transform_publisher-6] translation: ('30.000000', '-51.750000', '0.000000')
[static_transform_publisher-6] rotation: ('0.000000', '0.000000', '0.000000', '1.000000')
[static_transform_publisher-6] from 'map' to 'odom'
[robot_state_publisher-5] [WARN] [1786612052.706015104] [kdl_parser]: The root link base_link has an inertia specified in the URDF, but KDL does not support a root link with an inertia.  As a workaround, you can add an extra dummy link to your URDF.
[robot_state_publisher-5] [INFO] [1786612052.706885814] [robot_state_publisher]: Robot initialized
[perception_node-11] [INFO] [1786612052.709349219] [perception_node]: perception_node 就绪：聚类容差 0.50 m，最小簇 5 点，确认需 3 次命中
[lidar_preprocessor-3] [INFO] [1786612052.713432520] [lidar_preprocessor]: 点云预处理已启动：/gazebo/lidar/points_raw → /lidar/points（目标系 base_link）
[lidar_preprocessor-3] [INFO] [1786612052.713511597] [lidar_preprocessor]: 自车包围盒 x[-0.85, 3.55] y[-0.90, 0.90] z[0.00, 1.50]  余量 0.050 m
[create-7] [INFO] [1786612052.721037627] [spawn_crossing_pedestrian]: Requesting list of world names.
[npc_controller-9] [INFO] [1786612052.744278383] [npc_controller_crossing_pedestrian]: NPC 控制器就绪：模型 crossing_pedestrian，3 个航点，1.20 m/s
[vehicle_cmd_bridge-4] [INFO] [1786612052.750091581] [vehicle_cmd_bridge]: 指令桥接已启动：/vehicle_cmd → /gazebo/cmd_vel  轴距 2.700 m  最大转角 0.600 rad  限速 8.33 m/s
[obstacle_truth-10] [INFO] [1786612052.754496203] [obstacle_truth]: 障碍物真值发布器已启动：0 个静态障碍物 + 1 个动态目标，10.0 Hz，frame_id = map，**不发** /perception/obstacles
[parameter_bridge-8] [INFO] [1786612052.755033903] [bridge_crossing_pedestrian]: Creating GZ->ROS Bridge: [/model/crossing_pedestrian/pose_gt (gz.msgs.Odometry) -> /model/crossing_pedestrian/pose_gt (nav_msgs/msg/Odometry)] (Lazy 0)
[parameter_bridge-8] [INFO] [1786612052.758142470] [bridge_crossing_pedestrian]: Creating ROS->GZ Bridge: [/model/crossing_pedestrian/cmd_vel (geometry_msgs/msg/Twist) -> /model/crossing_pedestrian/cmd_vel (gz.msgs.Twist)] (Lazy 0)
[map_node-13] [INFO] [1786612052.758407422] [map_node]: 地图已加载：/workspace/install/ads_map/share/ads_map/maps/campus.xodr（18 条车道，24 条连接）
[control_node-15] [INFO] [1786612052.767602775] [control_node]: control_node 就绪：50.0 Hz，轴距 2.700 m，k_e=1.00，k_soft=0.50，K_p=1.00，K_i=0.00
[planning_node-14] [INFO] [1786612052.771559162] [planning_node]: planning_node 已启动：10.0 Hz，前视 10.0–30.0 m，横向 ±0.85 m
[prediction_node-12] [INFO] [1786612052.771664746] [prediction_node]: 预测节点就绪：视界 6.0 s、步长 0.2 s、地图 /workspace/install/ads_map/share/ads_map/maps/campus.xodr
[map_node-13] [INFO] [1786612052.774166478] [map_node]: 车道图已发布到 /map/lane_graph，等待 /goal_pose
[gz-1] [1;33mWarning [Utils.cc:132][0m [/sdf/model[@name="ego_vehicle"]/link[@name="base_link"]/sensor[@name="lidar"]/gz_frame_id:/workspace/models/ego_vehicle/model.sdf:L59]: XML Element[gz_frame_id], child of element[sensor], not defined in SDF. Copying[gz_frame_id] as children of [sensor].
[gz-1] [1;33mWarning [Utils.cc:132][0m [/sdf/model[@name="ego_vehicle"]/link[@name="base_link"]/sensor[@name="imu"]/gz_frame_id:/workspace/models/ego_vehicle/model.sdf:L104]: XML Element[gz_frame_id], child of element[sensor], not defined in SDF. Copying[gz_frame_id] as children of [sensor].
[gz-1] [1;33mWarning [Utils.cc:132][0m [/sdf/model[@name="ego_vehicle"]/link[@name="base_link"]/sensor[@name="navsat"]/gz_frame_id:/workspace/models/ego_vehicle/model.sdf:L178]: XML Element[gz_frame_id], child of element[sensor], not defined in SDF. Copying[gz_frame_id] as children of [sensor].
[parameter_bridge-8] [INFO] [1786612053.169043662] [bridge_crossing_pedestrian]: Passing message from ROS geometry_msgs/msg/Twist to Gazebo gz.msgs.Twist (showing msg only once per type)
[create-7] [INFO] [1786612053.271282566] [spawn_crossing_pedestrian]: Entity creation successful.
[INFO] [create-7]: process has finished cleanly [pid 101861]
[parameter_bridge-2] [INFO] [1786612053.720887244] [gazebo_bridge]: Creating GZ->ROS Bridge: [/clock (gz.msgs.Clock) -> /clock (rosgraph_msgs/msg/Clock)] (Lazy 0)
[parameter_bridge-2] [INFO] [1786612053.723218811] [gazebo_bridge]: Creating GZ->ROS Bridge: [/model/ego_vehicle/lidar/points (gz.msgs.PointCloudPacked) -> /gazebo/lidar/points_raw (sensor_msgs/msg/PointCloud2)] (Lazy 0)
[parameter_bridge-2] [INFO] [1786612053.727726822] [gazebo_bridge]: Creating GZ->ROS Bridge: [/model/ego_vehicle/imu (gz.msgs.IMU) -> /imu (sensor_msgs/msg/Imu)] (Lazy 0)
[parameter_bridge-2] [INFO] [1786612053.729895476] [gazebo_bridge]: Creating GZ->ROS Bridge: [/model/ego_vehicle/navsat (gz.msgs.NavSat) -> /gnss (sensor_msgs/msg/NavSatFix)] (Lazy 0)
[parameter_bridge-2] [INFO] [1786612053.732302813] [gazebo_bridge]: Creating GZ->ROS Bridge: [/model/ego_vehicle/odometry (gz.msgs.Odometry) -> /odom (nav_msgs/msg/Odometry)] (Lazy 0)
[parameter_bridge-2] [INFO] [1786612053.736216541] [gazebo_bridge]: Creating GZ->ROS Bridge: [/model/ego_vehicle/pose_gt (gz.msgs.Odometry) -> /ego_pose_gt (nav_msgs/msg/Odometry)] (Lazy 0)
[parameter_bridge-2] [INFO] [1786612053.738085407] [gazebo_bridge]: Creating GZ->ROS Bridge: [/model/ego_vehicle/tf (gz.msgs.Pose_V) -> /tf (tf2_msgs/msg/TFMessage)] (Lazy 0)
[parameter_bridge-2] [INFO] [1786612053.741881357] [gazebo_bridge]: Creating GZ->ROS Bridge: [/model/ego_vehicle/joint_state (gz.msgs.Model) -> /joint_states (sensor_msgs/msg/JointState)] (Lazy 0)
[parameter_bridge-2] [INFO] [1786612053.743884493] [gazebo_bridge]: Creating ROS->GZ Bridge: [/gazebo/cmd_vel (geometry_msgs/msg/Twist) -> /model/ego_vehicle/cmd_vel (gz.msgs.Twist)] (Lazy 0)
[gz-1] Dropped Escape call with ulEscapeCode : 0x03007703
[gz-1] Dropped Escape call with ulEscapeCode : 0x03007703
[npc_controller-9] [INFO] [1786612055.494404334] [npc_controller_crossing_pedestrian]: crossing_pedestrian 在航点 #0 停留 38.0 s
[parameter_bridge-2] [INFO] [1786612055.496575533] [gazebo_bridge]: Passing message from ROS geometry_msgs/msg/Twist to Gazebo gz.msgs.Twist (showing msg only once per type)
[control_node-15] [WARN] [1786612057.507646718] [control_node]: [NO_PATH] 减速停车：没有可用路径（还没点目标点，或上游路由失败）
[control_node-15] [WARN] [1786612059.574067203] [control_node]: [NO_PATH] 减速停车：没有可用路径（还没点目标点，或上游路由失败）
[control_node-15] [WARN] [1786612061.631306064] [control_node]: [NO_PATH] 减速停车：没有可用路径（还没点目标点，或上游路由失败）
[control_node-15] [WARN] [1786612063.681037548] [control_node]: [NO_PATH] 减速停车：没有可用路径（还没点目标点，或上游路由失败）
[control_node-15] [WARN] [1786612065.757627354] [control_node]: [NO_PATH] 减速停车：没有可用路径（还没点目标点，或上游路由失败）
[lidar_preprocessor-3] [INFO] [1786612065.788186285] [lidar_preprocessor]: 点云 57600 → 41426（自车 0，无效 16174），耗时 1.1 ms
[control_node-15] [WARN] [1786612067.842496859] [control_node]: [NO_PATH] 减速停车：没有可用路径（还没点目标点，或上游路由失败）
[control_node-15] [WARN] [1786612070.013383674] [control_node]: [NO_PATH] 减速停车：没有可用路径（还没点目标点，或上游路由失败）
[control_node-15] [WARN] [1786612072.107084818] [control_node]: [NO_PATH] 减速停车：没有可用路径（还没点目标点，或上游路由失败）
[control_node-15] [WARN] [1786612074.213313052] [control_node]: [NO_PATH] 减速停车：没有可用路径（还没点目标点，或上游路由失败）
[control_node-15] [WARN] [1786612076.379581155] [control_node]: [NO_PATH] 减速停车：没有可用路径（还没点目标点，或上游路由失败）
[lidar_preprocessor-3] [INFO] [1786612076.514865019] [lidar_preprocessor]: 点云 57600 → 41426（自车 0，无效 16174），耗时 1.3 ms
[control_node-15] [WARN] [1786612078.477132511] [control_node]: [NO_PATH] 减速停车：没有可用路径（还没点目标点，或上游路由失败）
[control_node-15] [WARN] [1786612080.575566748] [control_node]: [NO_PATH] 减速停车：没有可用路径（还没点目标点，或上游路由失败）
[control_node-15] [WARN] [1786612082.781491095] [control_node]: [NO_PATH] 减速停车：没有可用路径（还没点目标点，或上游路由失败）
[control_node-15] [WARN] [1786612084.895051486] [control_node]: [NO_PATH] 减速停车：没有可用路径（还没点目标点，或上游路由失败）
[control_node-15] [WARN] [1786612087.007122571] [control_node]: [NO_PATH] 减速停车：没有可用路径（还没点目标点，或上游路由失败）
[lidar_preprocessor-3] [INFO] [1786612087.237195632] [lidar_preprocessor]: 点云 57600 → 41426（自车 0，无效 16174），耗时 1.0 ms
[control_node-15] [WARN] [1786612089.173408876] [control_node]: [NO_PATH] 减速停车：没有可用路径（还没点目标点，或上游路由失败）
[control_node-15] [WARN] [1786612091.362933721] [control_node]: [NO_PATH] 减速停车：没有可用路径（还没点目标点，或上游路由失败）
[control_node-15] [WARN] [1786612093.430356546] [control_node]: [NO_PATH] 减速停车：没有可用路径（还没点目标点，或上游路由失败）
[map_node-13] [INFO] [1786612094.469225440] [map_node]: 路径已发布：1 段车道、251 个点、127.60 m，耗时 0.97 ms
[planning_node-14] [INFO] [1786612094.469608373] [planning_node]: 收到参考线：251 个点，127.6 m
[control_node-15] [INFO] [1786612094.575458635] [control_node]: 轨迹起点跳变 inf m（阈值 2.00），重置最近点提示与速度环积分
[map_node-13] [INFO] [1786612095.524588439] [map_node]: 路径已发布：1 段车道、250 个点、127.07 m，耗时 0.68 ms
[planning_node-14] [INFO] [1786612095.527767972] [planning_node]: 收到参考线：250 个点，127.1 m
[npc_controller-9] [INFO] [1786612095.594381047] [npc_controller_crossing_pedestrian]: crossing_pedestrian 停留结束，继续（航点 #0 → #1）
[map_node-13] [INFO] [1786612096.566571014] [map_node]: 路径已发布：1 段车道、246 个点、125.01 m，耗时 0.81 ms
[planning_node-14] [INFO] [1786612096.569562374] [planning_node]: 收到参考线：246 个点，125.0 m
[map_node-13] [INFO] [1786612097.612778185] [map_node]: 路径已发布：1 段车道、239 个点、121.57 m，耗时 0.58 ms
[planning_node-14] [INFO] [1786612097.621565359] [planning_node]: 收到参考线：239 个点，121.6 m
[lidar_preprocessor-3] [INFO] [1786612097.839210427] [lidar_preprocessor]: 点云 57600 → 41487（自车 0，无效 16113），耗时 1.0 ms
[map_node-13] [INFO] [1786612098.661755440] [map_node]: 路径已发布：1 段车道、230 个点、116.81 m，耗时 0.57 ms
[planning_node-14] [INFO] [1786612098.670030448] [planning_node]: 收到参考线：230 个点，116.8 m
[control_node-15] [INFO] [1786612099.191466618] [control_node]: 收到 1 个点的轨迹（上游没有目标或已走完），转入减速停车
[control_node-15] [WARN] [1786612099.204819963] [control_node]: [NO_PATH] 减速停车：没有可用路径（还没点目标点，或上游路由失败）
[control_node-15] [WARN] [1786612099.224446203] [control_node]: [NO_PATH] 减速停车：没有可用路径（还没点目标点，或上游路由失败）
[map_node-13] [INFO] [1786612099.711599975] [map_node]: 路径已发布：1 段车道、221 个点、112.30 m，耗时 0.60 ms
[planning_node-14] [INFO] [1786612099.721736504] [planning_node]: 收到参考线：221 个点，112.3 m
[control_node-15] [WARN] [1786612100.138822691] [control_node]: 规划器报告前方绕不过去，按停车轨迹执行
[control_node-15] [INFO] [1786612100.153719728] [control_node]: 已到达终点附近（剩余 0.460 m ≤ 0.500 m），目标速度归零
[control_node-15] [INFO] [1786612100.444578723] [control_node]: 收到 1 个点的轨迹（上游没有目标或已走完），转入减速停车
[control_node-15] [WARN] [1786612100.463279271] [control_node]: [NO_PATH] 减速停车：没有可用路径（还没点目标点，或上游路由失败）
[control_node-15] [INFO] [1786612100.549821608] [control_node]: 收到 1 个点的轨迹（上游没有目标或已走完），转入减速停车
[control_node-15] [INFO] [1786612100.648854300] [control_node]: 收到 1 个点的轨迹（上游没有目标或已走完），转入减速停车
[npc_controller-9] [INFO] [1786612100.694377269] [npc_controller_crossing_pedestrian]: crossing_pedestrian 在航点 #1 停留 6.0 s
[control_node-15] [INFO] [1786612100.755076704] [control_node]: 收到 1 个点的轨迹（上游没有目标或已走完），转入减速停车
[map_node-13] [INFO] [1786612100.755773390] [map_node]: 路径已发布：1 段车道、217 个点、110.54 m，耗时 0.58 ms
[planning_node-14] [INFO] [1786612100.755867752] [planning_node]: 收到参考线：217 个点，110.5 m
[control_node-15] [INFO] [1786612100.856126560] [control_node]: 收到 1 个点的轨迹（上游没有目标或已走完），转入减速停车
[control_node-15] [INFO] [1786612100.958811452] [control_node]: 收到 1 个点的轨迹（上游没有目标或已走完），转入减速停车
[control_node-15] [INFO] [1786612101.063722712] [control_node]: 收到 1 个点的轨迹（上游没有目标或已走完），转入减速停车
[control_node-15] [INFO] [1786612101.163994946] [control_node]: 收到 1 个点的轨迹（上游没有目标或已走完），转入减速停车
[control_node-15] [INFO] [1786612101.265349378] [control_node]: 收到 1 个点的轨迹（上游没有目标或已走完），转入减速停车
[control_node-15] [WARN] [1786612101.306064829] [control_node]: [NO_PATH] 减速停车：没有可用路径（还没点目标点，或上游路由失败）
[control_node-15] [INFO] [1786612101.369155593] [control_node]: 收到 1 个点的轨迹（上游没有目标或已走完），转入减速停车
[control_node-15] [INFO] [1786612101.474898341] [control_node]: 收到 1 个点的轨迹（上游没有目标或已走完），转入减速停车
[control_node-15] [INFO] [1786612101.579134134] [control_node]: 收到 1 个点的轨迹（上游没有目标或已走完），转入减速停车
[control_node-15] [INFO] [1786612101.682136859] [control_node]: 收到 1 个点的轨迹（上游没有目标或已走完），转入减速停车
[map_node-13] [INFO] [1786612101.780555685] [map_node]: 路径已发布：1 段车道、217 个点、110.53 m，耗时 0.60 ms
[control_node-15] [INFO] [1786612101.783284267] [control_node]: 收到 1 个点的轨迹（上游没有目标或已走完），转入减速停车
[planning_node-14] [INFO] [1786612101.783325417] [planning_node]: 收到参考线：217 个点，110.5 m
[control_node-15] [INFO] [1786612101.886290493] [control_node]: 收到 1 个点的轨迹（上游没有目标或已走完），转入减速停车
[control_node-15] [INFO] [1786612101.986776138] [control_node]: 收到 1 个点的轨迹（上游没有目标或已走完），转入减速停车
[control_node-15] [INFO] [1786612102.092294504] [control_node]: 收到 1 个点的轨迹（上游没有目标或已走完），转入减速停车
[control_node-15] [INFO] [1786612102.194266072] [control_node]: 收到 1 个点的轨迹（上游没有目标或已走完），转入减速停车
[control_node-15] [INFO] [1786612102.298101866] [control_node]: 收到 1 个点的轨迹（上游没有目标或已走完），转入减速停车
[control_node-15] [INFO] [1786612102.398809177] [control_node]: 收到 1 个点的轨迹（上游没有目标或已走完），转入减速停车
[control_node-15] [INFO] [1786612102.502985808] [control_node]: 收到 1 个点的轨迹（上游没有目标或已走完），转入减速停车
[control_node-15] [INFO] [1786612102.606600991] [control_node]: 收到 1 个点的轨迹（上游没有目标或已走完），转入减速停车
[control_node-15] [INFO] [1786612102.707964728] [control_node]: 收到 1 个点的轨迹（上游没有目标或已走完），转入减速停车
[map_node-13] [INFO] [1786612102.807457661] [map_node]: 路径已发布：1 段车道、217 个点、110.53 m，耗时 0.90 ms
[control_node-15] [INFO] [1786612102.809088625] [control_node]: 收到 1 个点的轨迹（上游没有目标或已走完），转入减速停车
[planning_node-14] [INFO] [1786612102.809147904] [planning_node]: 收到参考线：217 个点，110.5 m
[control_node-15] [INFO] [1786612102.912341667] [control_node]: 收到 1 个点的轨迹（上游没有目标或已走完），转入减速停车
[control_node-15] [INFO] [1786612103.020782314] [control_node]: 收到 1 个点的轨迹（上游没有目标或已走完），转入减速停车
[control_node-15] [INFO] [1786612103.122363521] [control_node]: 收到 1 个点的轨迹（上游没有目标或已走完），转入减速停车
[control_node-15] [INFO] [1786612103.230615877] [control_node]: 收到 1 个点的轨迹（上游没有目标或已走完），转入减速停车
[control_node-15] [INFO] [1786612103.334487745] [control_node]: 收到 1 个点的轨迹（上游没有目标或已走完），转入减速停车
[control_node-15] [WARN] [1786612103.373130117] [control_node]: [NO_PATH] 减速停车：没有可用路径（还没点目标点，或上游路由失败）
[control_node-15] [INFO] [1786612103.438421424] [control_node]: 收到 1 个点的轨迹（上游没有目标或已走完），转入减速停车
[control_node-15] [INFO] [1786612103.543424672] [control_node]: 收到 1 个点的轨迹（上游没有目标或已走完），转入减速停车
[control_node-15] [INFO] [1786612103.651139643] [control_node]: 收到 1 个点的轨迹（上游没有目标或已走完），转入减速停车
[control_node-15] [INFO] [1786612103.755046377] [control_node]: 收到 1 个点的轨迹（上游没有目标或已走完），转入减速停车
[control_node-15] [INFO] [1786612103.855506609] [control_node]: 收到 1 个点的轨迹（上游没有目标或已走完），转入减速停车
[map_node-13] [INFO] [1786612103.856137413] [map_node]: 路径已发布：1 段车道、217 个点、110.53 m，耗时 0.56 ms
[planning_node-14] [INFO] [1786612103.856531465] [planning_node]: 收到参考线：217 个点，110.5 m
[control_node-15] [INFO] [1786612103.962749759] [control_node]: 收到 1 个点的轨迹（上游没有目标或已走完），转入减速停车
[control_node-15] [INFO] [1786612104.065018123] [control_node]: 收到 1 个点的轨迹（上游没有目标或已走完），转入减速停车
[control_node-15] [INFO] [1786612104.168540186] [control_node]: 收到 1 个点的轨迹（上游没有目标或已走完），转入减速停车
[control_node-15] [INFO] [1786612104.291218856] [control_node]: 收到 1 个点的轨迹（上游没有目标或已走完），转入减速停车
[control_node-15] [INFO] [1786612104.415173706] [control_node]: 收到 1 个点的轨迹（上游没有目标或已走完），转入减速停车
[control_node-15] [INFO] [1786612104.516961081] [control_node]: 收到 1 个点的轨迹（上游没有目标或已走完），转入减速停车
[control_node-15] [INFO] [1786612104.621143704] [control_node]: 收到 1 个点的轨迹（上游没有目标或已走完），转入减速停车
[control_node-15] [INFO] [1786612104.727736148] [control_node]: 收到 1 个点的轨迹（上游没有目标或已走完），转入减速停车
[control_node-15] [INFO] [1786612104.834489570] [control_node]: 收到 1 个点的轨迹（上游没有目标或已走完），转入减速停车
[map_node-13] [INFO] [1786612104.939040013] [map_node]: 路径已发布：1 段车道、217 个点、110.53 m，耗时 0.70 ms
[planning_node-14] [INFO] [1786612104.941723864] [planning_node]: 收到参考线：217 个点，110.5 m
[control_node-15] [INFO] [1786612104.941789567] [control_node]: 收到 1 个点的轨迹（上游没有目标或已走完），转入减速停车
[control_node-15] [INFO] [1786612105.051581644] [control_node]: 收到 1 个点的轨迹（上游没有目标或已走完），转入减速停车
[control_node-15] [INFO] [1786612105.155865703] [control_node]: 收到 1 个点的轨迹（上游没有目标或已走完），转入减速停车
[control_node-15] [INFO] [1786612105.256231887] [control_node]: 收到 1 个点的轨迹（上游没有目标或已走完），转入减速停车
[control_node-15] [INFO] [1786612105.358500144] [control_node]: 收到 1 个点的轨迹（上游没有目标或已走完），转入减速停车
[control_node-15] [INFO] [1786612105.464114332] [control_node]: 收到 1 个点的轨迹（上游没有目标或已走完），转入减速停车
[control_node-15] [WARN] [1786612105.500559025] [control_node]: [NO_PATH] 减速停车：没有可用路径（还没点目标点，或上游路由失败）
[control_node-15] [INFO] [1786612105.567979424] [control_node]: 收到 1 个点的轨迹（上游没有目标或已走完），转入减速停车
[control_node-15] [INFO] [1786612105.670585142] [control_node]: 收到 1 个点的轨迹（上游没有目标或已走完），转入减速停车
[control_node-15] [INFO] [1786612105.773365956] [control_node]: 收到 1 个点的轨迹（上游没有目标或已走完），转入减速停车
[control_node-15] [INFO] [1786612105.874555239] [control_node]: 收到 1 个点的轨迹（上游没有目标或已走完），转入减速停车
[control_node-15] [INFO] [1786612105.983192226] [control_node]: 收到 1 个点的轨迹（上游没有目标或已走完），转入减速停车
[control_node-15] [INFO] [1786612106.083240227] [control_node]: 收到 1 个点的轨迹（上游没有目标或已走完），转入减速停车
[control_node-15] [INFO] [1786612106.184962441] [control_node]: 收到 1 个点的轨迹（上游没有目标或已走完），转入减速停车
[control_node-15] [INFO] [1786612106.287523929] [control_node]: 收到 1 个点的轨迹（上游没有目标或已走完），转入减速停车
[control_node-15] [INFO] [1786612106.390561827] [control_node]: 收到 1 个点的轨迹（上游没有目标或已走完），转入减速停车
[control_node-15] [INFO] [1786612106.495823069] [control_node]: 收到 1 个点的轨迹（上游没有目标或已走完），转入减速停车
[control_node-15] [INFO] [1786612106.603545231] [control_node]: 收到 1 个点的轨迹（上游没有目标或已走完），转入减速停车
[control_node-15] [INFO] [1786612106.706394530] [control_node]: 收到 1 个点的轨迹（上游没有目标或已走完），转入减速停车
[control_node-15] [INFO] [1786612106.806796723] [control_node]: 收到 1 个点的轨迹（上游没有目标或已走完），转入减速停车
[control_node-15] [INFO] [1786612106.906425937] [control_node]: 收到 1 个点的轨迹（上游没有目标或已走完），转入减速停车
[npc_controller-9] [INFO] [1786612106.994380155] [npc_controller_crossing_pedestrian]: crossing_pedestrian 停留结束，继续（航点 #1 → #2）
[control_node-15] [INFO] [1786612107.008930539] [control_node]: 收到 1 个点的轨迹（上游没有目标或已走完），转入减速停车
[control_node-15] [INFO] [1786612107.110810924] [control_node]: 收到 1 个点的轨迹（上游没有目标或已走完），转入减速停车
[control_node-15] [INFO] [1786612107.216955158] [control_node]: 收到 1 个点的轨迹（上游没有目标或已走完），转入减速停车
[control_node-15] [INFO] [1786612107.322767356] [control_node]: 收到 1 个点的轨迹（上游没有目标或已走完），转入减速停车
[control_node-15] [INFO] [1786612107.426367487] [control_node]: 收到 1 个点的轨迹（上游没有目标或已走完），转入减速停车
[control_node-15] [INFO] [1786612107.535403514] [control_node]: 收到 1 个点的轨迹（上游没有目标或已走完），转入减速停车
[control_node-15] [WARN] [1786612107.573445322] [control_node]: [NO_PATH] 减速停车：没有可用路径（还没点目标点，或上游路由失败）
[control_node-15] [INFO] [1786612107.637498254] [control_node]: 收到 1 个点的轨迹（上游没有目标或已走完），转入减速停车
[control_node-15] [INFO] [1786612107.742497373] [control_node]: 收到 1 个点的轨迹（上游没有目标或已走完），转入减速停车
[control_node-15] [INFO] [1786612107.844494011] [control_node]: 收到 1 个点的轨迹（上游没有目标或已走完），转入减速停车
[control_node-15] [INFO] [1786612107.950416167] [control_node]: 收到 1 个点的轨迹（上游没有目标或已走完），转入减速停车
[control_node-15] [INFO] [1786612108.053651754] [control_node]: 收到 1 个点的轨迹（上游没有目标或已走完），转入减速停车
[control_node-15] [INFO] [1786612108.155855347] [control_node]: 收到 1 个点的轨迹（上游没有目标或已走完），转入减速停车
[control_node-15] [INFO] [1786612108.256601349] [control_node]: 收到 1 个点的轨迹（上游没有目标或已走完），转入减速停车
[lidar_preprocessor-3] [INFO] [1786612108.281386342] [lidar_preprocessor]: 点云 57600 → 41711（自车 0，无效 15889），耗时 1.2 ms
[control_node-15] [INFO] [1786612108.359973440] [control_node]: 收到 1 个点的轨迹（上游没有目标或已走完），转入减速停车
[control_node-15] [INFO] [1786612108.462857219] [control_node]: 收到 1 个点的轨迹（上游没有目标或已走完），转入减速停车
[control_node-15] [INFO] [1786612108.568857852] [control_node]: 收到 1 个点的轨迹（上游没有目标或已走完），转入减速停车
[control_node-15] [INFO] [1786612108.670875724] [control_node]: 收到 1 个点的轨迹（上游没有目标或已走完），转入减速停车
[control_node-15] [INFO] [1786612108.775197284] [control_node]: 收到 1 个点的轨迹（上游没有目标或已走完），转入减速停车
[npc_controller-9] [INFO] [1786612109.394382349] [npc_controller_crossing_pedestrian]: crossing_pedestrian 已走完全部航点，停住
[control_node-15] [INFO] [1786612110.009762632] [control_node]: 收到 1 个点的轨迹（上游没有目标或已走完），转入减速停车
[control_node-15] [WARN] [1786612110.028241485] [control_node]: [NO_PATH] 减速停车：没有可用路径（还没点目标点，或上游路由失败）
[control_node-15] [WARN] [1786612110.050843294] [control_node]: [NO_PATH] 减速停车：没有可用路径（还没点目标点，或上游路由失败）
[lidar_preprocessor-3] [INFO] [1786612118.747030350] [lidar_preprocessor]: 点云 57600 → 40271（自车 0，无效 17329），耗时 1.0 ms
[lidar_preprocessor-3] [INFO] [1786612129.353910086] [lidar_preprocessor]: 点云 57600 → 46770（自车 0，无效 10830），耗时 1.1 ms
[lidar_preprocessor-3] [INFO] [1786612139.794995628] [lidar_preprocessor]: 点云 57600 → 43842（自车 0，无效 13758），耗时 1.3 ms
[prediction_node-12] [INFO] [1786612144.942107526] [rclcpp]: signal_handler(SIGINT/SIGTERM)
[planning_node-14] [INFO] [1786612144.942124100] [rclcpp]: signal_handler(SIGINT/SIGTERM)
[robot_state_publisher-5] [INFO] [1786612144.942145245] [rclcpp]: signal_handler(SIGINT/SIGTERM)
[control_node-15] [INFO] [1786612144.942267646] [rclcpp]: signal_handler(SIGINT/SIGTERM)
[map_node-13] [INFO] [1786612144.943094531] [rclcpp]: signal_handler(SIGINT/SIGTERM)
[perception_node-11] [INFO] [1786612144.943266772] [rclcpp]: signal_handler(SIGINT/SIGTERM)
[obstacle_truth-10] [INFO] [1786612144.943286152] [rclcpp]: signal_handler(SIGINT/SIGTERM)
[npc_controller-9] [INFO] [1786612144.944277566] [rclcpp]: signal_handler(SIGINT/SIGTERM)
[static_transform_publisher-6] [INFO] [1786612144.944385776] [rclcpp]: signal_handler(SIGINT/SIGTERM)
[vehicle_cmd_bridge-4] [INFO] [1786612144.944436098] [rclcpp]: signal_handler(SIGINT/SIGTERM)
[lidar_preprocessor-3] [INFO] [1786612144.945539551] [rclcpp]: signal_handler(SIGINT/SIGTERM)
[parameter_bridge-2] [INFO] [1786612144.945573508] [rclcpp]: signal_handler(SIGINT/SIGTERM)
[parameter_bridge-8] [INFO] [1786612144.946218769] [rclcpp]: signal_handler(SIGINT/SIGTERM)
[INFO] [obstacle_truth-10]: process has finished cleanly [pid 101864]
[INFO] [vehicle_cmd_bridge-4]: process has finished cleanly [pid 101858]
[INFO] [static_transform_publisher-6]: process has finished cleanly [pid 101860]
[INFO] [parameter_bridge-8]: process has finished cleanly [pid 101862]
[INFO] [control_node-15]: process has finished cleanly [pid 101890]
[INFO] [robot_state_publisher-5]: process has finished cleanly [pid 101859]
[INFO] [npc_controller-9]: process has finished cleanly [pid 101863]
[INFO] [map_node-13]: process has finished cleanly [pid 101873]
[INFO] [planning_node-14]: process has finished cleanly [pid 101888]
[INFO] [perception_node-11]: process has finished cleanly [pid 101866]
[INFO] [lidar_preprocessor-3]: process has finished cleanly [pid 101857]
[INFO] [parameter_bridge-2]: process has finished cleanly [pid 101856]
[INFO] [prediction_node-12]: process has finished cleanly [pid 101868]
[ERROR] [gz-1]: process has died [pid 101855, exit code -11, cmd 'gz sim -s -r campus_loop.sdf'].
