[INFO] [launch]: All log files can be found below /home/dev/.ros/log/2026-08-13-09-13-16-744743-suns-102731
[INFO] [launch]: Default logging verbosity is set to INFO
[INFO] [gz-1]: process started with pid [102735]
[INFO] [parameter_bridge-2]: process started with pid [102736]
[INFO] [lidar_preprocessor-3]: process started with pid [102737]
[INFO] [vehicle_cmd_bridge-4]: process started with pid [102738]
[INFO] [robot_state_publisher-5]: process started with pid [102739]
[INFO] [static_transform_publisher-6]: process started with pid [102740]
[INFO] [create-7]: process started with pid [102741]
[INFO] [parameter_bridge-8]: process started with pid [102742]
[INFO] [npc_controller-9]: process started with pid [102743]
[INFO] [obstacle_truth-10]: process started with pid [102744]
[INFO] [prediction_node-11]: process started with pid [102749]
[INFO] [map_node-12]: process started with pid [102752]
[INFO] [planning_node-13]: process started with pid [102755]
[INFO] [control_node-14]: process started with pid [102779]
[lidar_preprocessor-3] [INFO] [1786612396.936883132] [lidar_preprocessor]: 点云预处理已启动：/gazebo/lidar/points_raw → /lidar/points（目标系 base_link）
[lidar_preprocessor-3] [INFO] [1786612396.936992646] [lidar_preprocessor]: 自车包围盒 x[-0.85, 3.55] y[-0.90, 0.90] z[0.00, 1.50]  余量 0.050 m
[static_transform_publisher-6] [INFO] [1786612396.945880531] [map_to_odom_static]: Spinning until stopped - publishing transform
[static_transform_publisher-6] translation: ('30.000000', '-51.750000', '0.000000')
[static_transform_publisher-6] rotation: ('0.000000', '0.000000', '0.000000', '1.000000')
[static_transform_publisher-6] from 'map' to 'odom'
[vehicle_cmd_bridge-4] [INFO] [1786612396.950372675] [vehicle_cmd_bridge]: 指令桥接已启动：/vehicle_cmd → /gazebo/cmd_vel  轴距 2.700 m  最大转角 0.600 rad  限速 8.33 m/s
[obstacle_truth-10] [INFO] [1786612396.967380184] [obstacle_truth]: 障碍物真值发布器已启动：0 个静态障碍物 + 1 个动态目标，10.0 Hz，frame_id = map，同时发 /perception/obstacles
[create-7] [INFO] [1786612396.969838298] [spawn_lead_car]: Requesting list of world names.
[map_node-12] [INFO] [1786612396.976724486] [map_node]: 地图已加载：/workspace/install/ads_map/share/ads_map/maps/campus.xodr（18 条车道，24 条连接）
[map_node-12] [INFO] [1786612397.011509080] [map_node]: 车道图已发布到 /map/lane_graph，等待 /goal_pose
[npc_controller-9] [INFO] [1786612397.014459659] [npc_controller_lead_car]: NPC 控制器就绪：模型 lead_car，3 个航点，3.00 m/s
[planning_node-13] [INFO] [1786612397.039048668] [planning_node]: planning_node 已启动：10.0 Hz，前视 10.0–30.0 m，横向 ±0.85 m
[parameter_bridge-8] [INFO] [1786612397.039460535] [bridge_lead_car]: Creating GZ->ROS Bridge: [/model/lead_car/pose_gt (gz.msgs.Odometry) -> /model/lead_car/pose_gt (nav_msgs/msg/Odometry)] (Lazy 0)
[robot_state_publisher-5] [WARN] [1786612397.040146354] [kdl_parser]: The root link base_link has an inertia specified in the URDF, but KDL does not support a root link with an inertia.  As a workaround, you can add an extra dummy link to your URDF.
[robot_state_publisher-5] [INFO] [1786612397.040281195] [robot_state_publisher]: Robot initialized
[prediction_node-11] [INFO] [1786612397.049691405] [prediction_node]: 预测节点就绪：视界 6.0 s、步长 0.2 s、地图 /workspace/install/ads_map/share/ads_map/maps/campus.xodr
[parameter_bridge-8] [INFO] [1786612397.050210972] [bridge_lead_car]: Creating ROS->GZ Bridge: [/model/lead_car/cmd_vel (geometry_msgs/msg/Twist) -> /model/lead_car/cmd_vel (gz.msgs.Twist)] (Lazy 0)
[control_node-14] [INFO] [1786612397.052571412] [control_node]: control_node 就绪：50.0 Hz，轴距 2.700 m，k_e=1.00，k_soft=0.50，K_p=1.00，K_i=0.00
[parameter_bridge-8] [INFO] [1786612397.171317722] [bridge_lead_car]: Passing message from ROS geometry_msgs/msg/Twist to Gazebo gz.msgs.Twist (showing msg only once per type)
[gz-1] [1;33mWarning [Utils.cc:132][0m [/sdf/model[@name="ego_vehicle"]/link[@name="base_link"]/sensor[@name="lidar"]/gz_frame_id:/workspace/models/ego_vehicle/model.sdf:L59]: XML Element[gz_frame_id], child of element[sensor], not defined in SDF. Copying[gz_frame_id] as children of [sensor].
[gz-1] [1;33mWarning [Utils.cc:132][0m [/sdf/model[@name="ego_vehicle"]/link[@name="base_link"]/sensor[@name="imu"]/gz_frame_id:/workspace/models/ego_vehicle/model.sdf:L104]: XML Element[gz_frame_id], child of element[sensor], not defined in SDF. Copying[gz_frame_id] as children of [sensor].
[gz-1] [1;33mWarning [Utils.cc:132][0m [/sdf/model[@name="ego_vehicle"]/link[@name="base_link"]/sensor[@name="navsat"]/gz_frame_id:/workspace/models/ego_vehicle/model.sdf:L178]: XML Element[gz_frame_id], child of element[sensor], not defined in SDF. Copying[gz_frame_id] as children of [sensor].
[create-7] [INFO] [1786612397.629243251] [spawn_lead_car]: Entity creation successful.
[INFO] [create-7]: process has finished cleanly [pid 102741]
[parameter_bridge-2] [INFO] [1786612398.048673931] [gazebo_bridge]: Creating GZ->ROS Bridge: [/clock (gz.msgs.Clock) -> /clock (rosgraph_msgs/msg/Clock)] (Lazy 0)
[parameter_bridge-2] [INFO] [1786612398.050673761] [gazebo_bridge]: Creating GZ->ROS Bridge: [/model/ego_vehicle/lidar/points (gz.msgs.PointCloudPacked) -> /gazebo/lidar/points_raw (sensor_msgs/msg/PointCloud2)] (Lazy 0)
[parameter_bridge-2] [INFO] [1786612398.055560680] [gazebo_bridge]: Creating GZ->ROS Bridge: [/model/ego_vehicle/imu (gz.msgs.IMU) -> /imu (sensor_msgs/msg/Imu)] (Lazy 0)
[parameter_bridge-2] [INFO] [1786612398.057175634] [gazebo_bridge]: Creating GZ->ROS Bridge: [/model/ego_vehicle/navsat (gz.msgs.NavSat) -> /gnss (sensor_msgs/msg/NavSatFix)] (Lazy 0)
[parameter_bridge-2] [INFO] [1786612398.058913181] [gazebo_bridge]: Creating GZ->ROS Bridge: [/model/ego_vehicle/odometry (gz.msgs.Odometry) -> /odom (nav_msgs/msg/Odometry)] (Lazy 0)
[parameter_bridge-2] [INFO] [1786612398.062441216] [gazebo_bridge]: Creating GZ->ROS Bridge: [/model/ego_vehicle/pose_gt (gz.msgs.Odometry) -> /ego_pose_gt (nav_msgs/msg/Odometry)] (Lazy 0)
[parameter_bridge-2] [INFO] [1786612398.063980719] [gazebo_bridge]: Creating GZ->ROS Bridge: [/model/ego_vehicle/tf (gz.msgs.Pose_V) -> /tf (tf2_msgs/msg/TFMessage)] (Lazy 0)
[parameter_bridge-2] [INFO] [1786612398.069434152] [gazebo_bridge]: Creating GZ->ROS Bridge: [/model/ego_vehicle/joint_state (gz.msgs.Model) -> /joint_states (sensor_msgs/msg/JointState)] (Lazy 0)
[parameter_bridge-2] [INFO] [1786612398.071370574] [gazebo_bridge]: Creating ROS->GZ Bridge: [/gazebo/cmd_vel (geometry_msgs/msg/Twist) -> /model/ego_vehicle/cmd_vel (gz.msgs.Twist)] (Lazy 0)
[gz-1] Dropped Escape call with ulEscapeCode : 0x03007703
[gz-1] Dropped Escape call with ulEscapeCode : 0x03007703
[parameter_bridge-2] [INFO] [1786612399.803712158] [gazebo_bridge]: Passing message from ROS geometry_msgs/msg/Twist to Gazebo gz.msgs.Twist (showing msg only once per type)
[npc_controller-9] [INFO] [1786612399.814574065] [npc_controller_lead_car]: lead_car 在航点 #0 停留 39.0 s
[control_node-14] [WARN] [1786612401.794806609] [control_node]: [NO_PATH] 减速停车：没有可用路径（还没点目标点，或上游路由失败）
[control_node-14] [WARN] [1786612403.851027026] [control_node]: [NO_PATH] 减速停车：没有可用路径（还没点目标点，或上游路由失败）
[control_node-14] [WARN] [1786612405.905589838] [control_node]: [NO_PATH] 减速停车：没有可用路径（还没点目标点，或上游路由失败）
[control_node-14] [WARN] [1786612407.973079753] [control_node]: [NO_PATH] 减速停车：没有可用路径（还没点目标点，或上游路由失败）
[control_node-14] [WARN] [1786612410.062436714] [control_node]: [NO_PATH] 减速停车：没有可用路径（还没点目标点，或上游路由失败）
[lidar_preprocessor-3] [INFO] [1786612410.084062774] [lidar_preprocessor]: 点云 57600 → 41462（自车 0，无效 16138），耗时 1.0 ms
[control_node-14] [WARN] [1786612412.119090893] [control_node]: [NO_PATH] 减速停车：没有可用路径（还没点目标点，或上游路由失败）
[control_node-14] [WARN] [1786612414.170269896] [control_node]: [NO_PATH] 减速停车：没有可用路径（还没点目标点，或上游路由失败）
[control_node-14] [WARN] [1786612416.223160575] [control_node]: [NO_PATH] 减速停车：没有可用路径（还没点目标点，或上游路由失败）
[control_node-14] [WARN] [1786612418.271303382] [control_node]: [NO_PATH] 减速停车：没有可用路径（还没点目标点，或上游路由失败）
[control_node-14] [WARN] [1786612420.324008523] [control_node]: [NO_PATH] 减速停车：没有可用路径（还没点目标点，或上游路由失败）
[lidar_preprocessor-3] [INFO] [1786612420.351023444] [lidar_preprocessor]: 点云 57600 → 41462（自车 0，无效 16138），耗时 1.0 ms
[control_node-14] [WARN] [1786612422.383702271] [control_node]: [NO_PATH] 减速停车：没有可用路径（还没点目标点，或上游路由失败）
[control_node-14] [WARN] [1786612424.462011568] [control_node]: [NO_PATH] 减速停车：没有可用路径（还没点目标点，或上游路由失败）
[control_node-14] [WARN] [1786612426.508061143] [control_node]: [NO_PATH] 减速停车：没有可用路径（还没点目标点，或上游路由失败）
[control_node-14] [WARN] [1786612428.574962317] [control_node]: [NO_PATH] 减速停车：没有可用路径（还没点目标点，或上游路由失败）
[control_node-14] [WARN] [1786612430.620910503] [control_node]: [NO_PATH] 减速停车：没有可用路径（还没点目标点，或上游路由失败）
[lidar_preprocessor-3] [INFO] [1786612430.650650125] [lidar_preprocessor]: 点云 57600 → 41462（自车 0，无效 16138），耗时 1.2 ms
[control_node-14] [WARN] [1786612432.675686463] [control_node]: [NO_PATH] 减速停车：没有可用路径（还没点目标点，或上游路由失败）
[control_node-14] [WARN] [1786612434.744287203] [control_node]: [NO_PATH] 减速停车：没有可用路径（还没点目标点，或上游路由失败）
[control_node-14] [WARN] [1786612436.799795680] [control_node]: [NO_PATH] 减速停车：没有可用路径（还没点目标点，或上游路由失败）
[map_node-12] [INFO] [1786612437.824702981] [map_node]: 路径已发布：1 段车道、251 个点、127.60 m，耗时 0.67 ms
[planning_node-13] [INFO] [1786612437.824888366] [planning_node]: 收到参考线：251 个点，127.6 m
[control_node-14] [INFO] [1786612437.930058821] [control_node]: 轨迹起点跳变 inf m（阈值 2.00），重置最近点提示与速度环积分
[control_node-14] [WARN] [1786612437.930117660] [control_node]: 规划器报告前方绕不过去，按停车轨迹执行
[map_node-12] [INFO] [1786612438.858929023] [map_node]: 路径已发布：1 段车道、250 个点、127.07 m，耗时 0.62 ms
[planning_node-13] [INFO] [1786612438.859749067] [planning_node]: 收到参考线：250 个点，127.1 m
[map_node-12] [INFO] [1786612439.886691694] [map_node]: 路径已发布：1 段车道、246 个点、125.19 m，耗时 0.56 ms
[planning_node-13] [INFO] [1786612439.886929914] [planning_node]: 收到参考线：246 个点，125.2 m
[npc_controller-9] [INFO] [1786612439.964554689] [npc_controller_lead_car]: lead_car 停留结束，继续（航点 #0 → #1）
[map_node-12] [INFO] [1786612440.922414174] [map_node]: 路径已发布：1 段车道、243 个点、123.28 m，耗时 0.63 ms
[planning_node-13] [INFO] [1786612440.922570519] [planning_node]: 收到参考线：243 个点，123.3 m
[lidar_preprocessor-3] [INFO] [1786612441.053934949] [lidar_preprocessor]: 点云 57600 → 41483（自车 0，无效 16117），耗时 1.7 ms
[map_node-12] [INFO] [1786612441.942724579] [map_node]: 路径已发布：1 段车道、238 个点、121.23 m，耗时 0.60 ms
[planning_node-13] [INFO] [1786612441.943762847] [planning_node]: 收到参考线：238 个点，121.2 m
[map_node-12] [INFO] [1786612442.971071817] [map_node]: 路径已发布：1 段车道、232 个点、118.25 m，耗时 0.66 ms
[planning_node-13] [INFO] [1786612442.971152644] [planning_node]: 收到参考线：232 个点，118.2 m
[map_node-12] [INFO] [1786612443.996684599] [map_node]: 路径已发布：1 段车道、225 个点、114.67 m，耗时 0.51 ms
[planning_node-13] [INFO] [1786612443.996921720] [planning_node]: 收到参考线：225 个点，114.7 m
[map_node-12] [INFO] [1786612445.025230548] [map_node]: 路径已发布：1 段车道、220 个点、111.92 m，耗时 0.56 ms
[planning_node-13] [INFO] [1786612445.025327889] [planning_node]: 收到参考线：220 个点，111.9 m
[map_node-12] [INFO] [1786612446.066904089] [map_node]: 路径已发布：1 段车道、214 个点、109.07 m，耗时 0.73 ms
[planning_node-13] [INFO] [1786612446.067056015] [planning_node]: 收到参考线：214 个点，109.1 m
[map_node-12] [INFO] [1786612447.095798971] [map_node]: 路径已发布：1 段车道、208 个点、105.92 m，耗时 0.85 ms
[planning_node-13] [INFO] [1786612447.095866294] [planning_node]: 收到参考线：208 个点，105.9 m
[map_node-12] [INFO] [1786612448.122243077] [map_node]: 路径已发布：1 段车道、202 个点、103.13 m，耗时 0.52 ms
[planning_node-13] [INFO] [1786612448.122822979] [planning_node]: 收到参考线：202 个点，103.1 m
[npc_controller-9] [INFO] [1786612448.214559476] [npc_controller_lead_car]: lead_car 在航点 #1 停留 12.0 s
[control_node-14] [INFO] [1786612450.620902362] [control_node]: 已到达终点附近（剩余 0.491 m ≤ 0.500 m），目标速度归零
[lidar_preprocessor-3] [INFO] [1786612451.455791982] [lidar_preprocessor]: 点云 57600 → 41171（自车 0，无效 16429），耗时 1.7 ms
