[INFO] [launch]: All log files can be found below /home/dev/.ros/log/2026-08-13-09-05-37-604970-suns-101477
[INFO] [launch]: Default logging verbosity is set to INFO
[INFO] [gz-1]: process started with pid [101481]
[INFO] [parameter_bridge-2]: process started with pid [101482]
[INFO] [lidar_preprocessor-3]: process started with pid [101483]
[INFO] [vehicle_cmd_bridge-4]: process started with pid [101484]
[INFO] [robot_state_publisher-5]: process started with pid [101485]
[INFO] [static_transform_publisher-6]: process started with pid [101486]
[INFO] [create-7]: process started with pid [101487]
[INFO] [parameter_bridge-8]: process started with pid [101488]
[INFO] [npc_controller-9]: process started with pid [101489]
[INFO] [obstacle_truth-10]: process started with pid [101490]
[INFO] [perception_node-11]: process started with pid [101491]
[INFO] [prediction_node-12]: process started with pid [101498]
[INFO] [map_node-13]: process started with pid [101503]
[INFO] [planning_node-14]: process started with pid [101511]
[INFO] [control_node-15]: process started with pid [101519]
[static_transform_publisher-6] [INFO] [1786611937.802219490] [map_to_odom_static]: Spinning until stopped - publishing transform
[static_transform_publisher-6] translation: ('30.000000', '-51.750000', '0.000000')
[static_transform_publisher-6] rotation: ('0.000000', '0.000000', '0.000000', '1.000000')
[static_transform_publisher-6] from 'map' to 'odom'
[robot_state_publisher-5] [WARN] [1786611937.839112504] [kdl_parser]: The root link base_link has an inertia specified in the URDF, but KDL does not support a root link with an inertia.  As a workaround, you can add an extra dummy link to your URDF.
[robot_state_publisher-5] [INFO] [1786611937.839254899] [robot_state_publisher]: Robot initialized
[obstacle_truth-10] [INFO] [1786611937.889521681] [obstacle_truth]: 障碍物真值发布器已启动：0 个静态障碍物 + 1 个动态目标，10.0 Hz，frame_id = map，**不发** /perception/obstacles
[map_node-13] [INFO] [1786611937.919001652] [map_node]: 地图已加载：/workspace/install/ads_map/share/ads_map/maps/campus.xodr（18 条车道，24 条连接）
[vehicle_cmd_bridge-4] [INFO] [1786611937.922036277] [vehicle_cmd_bridge]: 指令桥接已启动：/vehicle_cmd → /gazebo/cmd_vel  轴距 2.700 m  最大转角 0.600 rad  限速 8.33 m/s
[perception_node-11] [INFO] [1786611937.933318060] [perception_node]: perception_node 就绪：聚类容差 0.50 m，最小簇 5 点，确认需 3 次命中
[npc_controller-9] [INFO] [1786611937.934795599] [npc_controller_lead_car]: NPC 控制器就绪：模型 lead_car，3 个航点，3.00 m/s
[prediction_node-12] [INFO] [1786611937.936809896] [prediction_node]: 预测节点就绪：视界 6.0 s、步长 0.2 s、地图 /workspace/install/ads_map/share/ads_map/maps/campus.xodr
[create-7] [INFO] [1786611937.942584428] [spawn_lead_car]: Requesting list of world names.
[lidar_preprocessor-3] [INFO] [1786611937.949962354] [lidar_preprocessor]: 点云预处理已启动：/gazebo/lidar/points_raw → /lidar/points（目标系 base_link）
[lidar_preprocessor-3] [INFO] [1786611937.950531422] [lidar_preprocessor]: 自车包围盒 x[-0.85, 3.55] y[-0.90, 0.90] z[0.00, 1.50]  余量 0.050 m
[parameter_bridge-8] [INFO] [1786611937.954996689] [bridge_lead_car]: Creating GZ->ROS Bridge: [/model/lead_car/pose_gt (gz.msgs.Odometry) -> /model/lead_car/pose_gt (nav_msgs/msg/Odometry)] (Lazy 0)
[map_node-13] [INFO] [1786611937.958975966] [map_node]: 车道图已发布到 /map/lane_graph，等待 /goal_pose
[planning_node-14] [INFO] [1786611937.959759354] [planning_node]: planning_node 已启动：10.0 Hz，前视 10.0–30.0 m，横向 ±0.85 m
[parameter_bridge-8] [INFO] [1786611937.960838355] [bridge_lead_car]: Creating ROS->GZ Bridge: [/model/lead_car/cmd_vel (geometry_msgs/msg/Twist) -> /model/lead_car/cmd_vel (gz.msgs.Twist)] (Lazy 0)
[control_node-15] [INFO] [1786611937.968434585] [control_node]: control_node 就绪：50.0 Hz，轴距 2.700 m，k_e=1.00，k_soft=0.50，K_p=1.00，K_i=0.00
[gz-1] [1;33mWarning [Utils.cc:132][0m [/sdf/model[@name="ego_vehicle"]/link[@name="base_link"]/sensor[@name="lidar"]/gz_frame_id:/workspace/models/ego_vehicle/model.sdf:L59]: XML Element[gz_frame_id], child of element[sensor], not defined in SDF. Copying[gz_frame_id] as children of [sensor].
[gz-1] [1;33mWarning [Utils.cc:132][0m [/sdf/model[@name="ego_vehicle"]/link[@name="base_link"]/sensor[@name="imu"]/gz_frame_id:/workspace/models/ego_vehicle/model.sdf:L104]: XML Element[gz_frame_id], child of element[sensor], not defined in SDF. Copying[gz_frame_id] as children of [sensor].
[gz-1] [1;33mWarning [Utils.cc:132][0m [/sdf/model[@name="ego_vehicle"]/link[@name="base_link"]/sensor[@name="navsat"]/gz_frame_id:/workspace/models/ego_vehicle/model.sdf:L178]: XML Element[gz_frame_id], child of element[sensor], not defined in SDF. Copying[gz_frame_id] as children of [sensor].
[parameter_bridge-8] [INFO] [1786611938.249002552] [bridge_lead_car]: Passing message from ROS geometry_msgs/msg/Twist to Gazebo gz.msgs.Twist (showing msg only once per type)
[create-7] [INFO] [1786611938.572925640] [spawn_lead_car]: Entity creation successful.
[INFO] [create-7]: process has finished cleanly [pid 101487]
[parameter_bridge-2] [INFO] [1786611938.966845373] [gazebo_bridge]: Creating GZ->ROS Bridge: [/clock (gz.msgs.Clock) -> /clock (rosgraph_msgs/msg/Clock)] (Lazy 0)
[parameter_bridge-2] [INFO] [1786611938.970497096] [gazebo_bridge]: Creating GZ->ROS Bridge: [/model/ego_vehicle/lidar/points (gz.msgs.PointCloudPacked) -> /gazebo/lidar/points_raw (sensor_msgs/msg/PointCloud2)] (Lazy 0)
[parameter_bridge-2] [INFO] [1786611938.974800149] [gazebo_bridge]: Creating GZ->ROS Bridge: [/model/ego_vehicle/imu (gz.msgs.IMU) -> /imu (sensor_msgs/msg/Imu)] (Lazy 0)
[parameter_bridge-2] [INFO] [1786611938.976610747] [gazebo_bridge]: Creating GZ->ROS Bridge: [/model/ego_vehicle/navsat (gz.msgs.NavSat) -> /gnss (sensor_msgs/msg/NavSatFix)] (Lazy 0)
[parameter_bridge-2] [INFO] [1786611938.979270675] [gazebo_bridge]: Creating GZ->ROS Bridge: [/model/ego_vehicle/odometry (gz.msgs.Odometry) -> /odom (nav_msgs/msg/Odometry)] (Lazy 0)
[parameter_bridge-2] [INFO] [1786611938.982691849] [gazebo_bridge]: Creating GZ->ROS Bridge: [/model/ego_vehicle/pose_gt (gz.msgs.Odometry) -> /ego_pose_gt (nav_msgs/msg/Odometry)] (Lazy 0)
[parameter_bridge-2] [INFO] [1786611938.984300201] [gazebo_bridge]: Creating GZ->ROS Bridge: [/model/ego_vehicle/tf (gz.msgs.Pose_V) -> /tf (tf2_msgs/msg/TFMessage)] (Lazy 0)
[parameter_bridge-2] [INFO] [1786611938.987837230] [gazebo_bridge]: Creating GZ->ROS Bridge: [/model/ego_vehicle/joint_state (gz.msgs.Model) -> /joint_states (sensor_msgs/msg/JointState)] (Lazy 0)
[parameter_bridge-2] [INFO] [1786611938.989434891] [gazebo_bridge]: Creating ROS->GZ Bridge: [/gazebo/cmd_vel (geometry_msgs/msg/Twist) -> /model/ego_vehicle/cmd_vel (gz.msgs.Twist)] (Lazy 0)
[gz-1] Dropped Escape call with ulEscapeCode : 0x03007703
[gz-1] Dropped Escape call with ulEscapeCode : 0x03007703
[npc_controller-9] [INFO] [1786611940.734900553] [npc_controller_lead_car]: lead_car 在航点 #0 停留 39.0 s
[parameter_bridge-2] [INFO] [1786611940.752279248] [gazebo_bridge]: Passing message from ROS geometry_msgs/msg/Twist to Gazebo gz.msgs.Twist (showing msg only once per type)
[control_node-15] [WARN] [1786611942.731270942] [control_node]: [NO_PATH] 减速停车：没有可用路径（还没点目标点，或上游路由失败）
[control_node-15] [WARN] [1786611944.765155403] [control_node]: [NO_PATH] 减速停车：没有可用路径（还没点目标点，或上游路由失败）
[control_node-15] [WARN] [1786611946.827338569] [control_node]: [NO_PATH] 减速停车：没有可用路径（还没点目标点，或上游路由失败）
[control_node-15] [WARN] [1786611948.882284676] [control_node]: [NO_PATH] 减速停车：没有可用路径（还没点目标点，或上游路由失败）
[perception_node-11] [WARN] [1786611950.864866928] [perception_node]: 点云已经旧了 254 ms（上限 150），丢弃。用旧帧算出来的障碍物位置对应的是**过去**的时刻，而下游会当成现在的。累计丢 1 帧
[control_node-15] [WARN] [1786611951.026793530] [control_node]: [NO_PATH] 减速停车：没有可用路径（还没点目标点，或上游路由失败）
[lidar_preprocessor-3] [INFO] [1786611951.045498817] [lidar_preprocessor]: 点云 57600 → 41462（自车 0，无效 16138），耗时 0.5 ms
[control_node-15] [WARN] [1786611953.082713767] [control_node]: [NO_PATH] 减速停车：没有可用路径（还没点目标点，或上游路由失败）
[control_node-15] [WARN] [1786611955.121979980] [control_node]: [NO_PATH] 减速停车：没有可用路径（还没点目标点，或上游路由失败）
[control_node-15] [WARN] [1786611957.166160138] [control_node]: [NO_PATH] 减速停车：没有可用路径（还没点目标点，或上游路由失败）
[control_node-15] [WARN] [1786611959.220712121] [control_node]: [NO_PATH] 减速停车：没有可用路径（还没点目标点，或上游路由失败）
[control_node-15] [WARN] [1786611961.267366015] [control_node]: [NO_PATH] 减速停车：没有可用路径（还没点目标点，或上游路由失败）
[lidar_preprocessor-3] [INFO] [1786611961.296136388] [lidar_preprocessor]: 点云 57600 → 41462（自车 0，无效 16138），耗时 0.5 ms
[control_node-15] [WARN] [1786611963.316501669] [control_node]: [NO_PATH] 减速停车：没有可用路径（还没点目标点，或上游路由失败）
[control_node-15] [WARN] [1786611965.376682390] [control_node]: [NO_PATH] 减速停车：没有可用路径（还没点目标点，或上游路由失败）
[control_node-15] [WARN] [1786611967.441741510] [control_node]: [NO_PATH] 减速停车：没有可用路径（还没点目标点，或上游路由失败）
[control_node-15] [WARN] [1786611969.488950109] [control_node]: [NO_PATH] 减速停车：没有可用路径（还没点目标点，或上游路由失败）
[control_node-15] [WARN] [1786611971.595077765] [control_node]: [NO_PATH] 减速停车：没有可用路径（还没点目标点，或上游路由失败）
[lidar_preprocessor-3] [INFO] [1786611971.717706546] [lidar_preprocessor]: 点云 57600 → 41462（自车 0，无效 16138），耗时 0.4 ms
[control_node-15] [WARN] [1786611973.668729570] [control_node]: [NO_PATH] 减速停车：没有可用路径（还没点目标点，或上游路由失败）
[control_node-15] [WARN] [1786611975.719270852] [control_node]: [NO_PATH] 减速停车：没有可用路径（还没点目标点，或上游路由失败）
[control_node-15] [WARN] [1786611977.798538788] [control_node]: [NO_PATH] 减速停车：没有可用路径（还没点目标点，或上游路由失败）
[map_node-13] [INFO] [1786611978.831764493] [map_node]: 路径已发布：1 段车道、251 个点、127.60 m，耗时 1.16 ms
[planning_node-14] [INFO] [1786611978.833469130] [planning_node]: 收到参考线：251 个点，127.6 m
[control_node-15] [INFO] [1786611978.938624042] [control_node]: 轨迹起点跳变 inf m（阈值 2.00），重置最近点提示与速度环积分
[control_node-15] [WARN] [1786611978.938682410] [control_node]: 规划器报告前方绕不过去，按停车轨迹执行
[map_node-13] [INFO] [1786611979.869579823] [map_node]: 路径已发布：1 段车道、250 个点、127.07 m，耗时 0.84 ms
[planning_node-14] [INFO] [1786611979.873705827] [planning_node]: 收到参考线：250 个点，127.1 m
[map_node-13] [INFO] [1786611980.913494280] [map_node]: 路径已发布：1 段车道、247 个点、125.47 m，耗时 0.70 ms
[planning_node-14] [INFO] [1786611980.916833380] [planning_node]: 收到参考线：247 个点，125.5 m
[npc_controller-9] [INFO] [1786611980.984985890] [npc_controller_lead_car]: lead_car 停留结束，继续（航点 #0 → #1）
[map_node-13] [INFO] [1786611981.944765283] [map_node]: 路径已发布：1 段车道、244 个点、123.89 m，耗时 0.60 ms
[planning_node-14] [INFO] [1786611981.949558617] [planning_node]: 收到参考线：244 个点，123.9 m
[lidar_preprocessor-3] [INFO] [1786611982.167614517] [lidar_preprocessor]: 点云 57600 → 41487（自车 0，无效 16113），耗时 0.5 ms
[map_node-13] [INFO] [1786611982.986294491] [map_node]: 路径已发布：1 段车道、240 个点、122.16 m，耗时 0.68 ms
[planning_node-14] [INFO] [1786611982.991731385] [planning_node]: 收到参考线：240 个点，122.2 m
[map_node-13] [INFO] [1786611984.009840202] [map_node]: 路径已发布：1 段车道、235 个点、119.34 m，耗时 0.55 ms
[planning_node-14] [INFO] [1786611984.022570806] [planning_node]: 收到参考线：235 个点，119.3 m
[map_node-13] [INFO] [1786611985.042730142] [map_node]: 路径已发布：1 段车道、227 个点、115.46 m，耗时 0.53 ms
[planning_node-14] [INFO] [1786611985.056312564] [planning_node]: 收到参考线：227 个点，115.5 m
[map_node-13] [INFO] [1786611986.071246256] [map_node]: 路径已发布：1 段车道、221 个点、112.42 m，耗时 0.88 ms
[planning_node-14] [INFO] [1786611986.081004944] [planning_node]: 收到参考线：221 个点，112.4 m
[map_node-13] [INFO] [1786611987.101320463] [map_node]: 路径已发布：1 段车道、216 个点、109.84 m，耗时 0.73 ms
[planning_node-14] [INFO] [1786611987.101589721] [planning_node]: 收到参考线：216 个点，109.8 m
[map_node-13] [INFO] [1786611988.125864935] [map_node]: 路径已发布：1 段车道、210 个点、106.91 m，耗时 0.53 ms
[planning_node-14] [INFO] [1786611988.126182819] [planning_node]: 收到参考线：210 个点，106.9 m
[map_node-13] [INFO] [1786611989.157845212] [map_node]: 路径已发布：1 段车道、203 个点、103.53 m，耗时 0.61 ms
[planning_node-14] [INFO] [1786611989.158088560] [planning_node]: 收到参考线：203 个点，103.5 m
[npc_controller-9] [INFO] [1786611989.284904203] [npc_controller_lead_car]: lead_car 在航点 #1 停留 12.0 s
[control_node-15] [INFO] [1786611991.845987483] [control_node]: 已到达终点附近（剩余 0.490 m ≤ 0.500 m），目标速度归零
[lidar_preprocessor-3] [INFO] [1786611992.461083202] [lidar_preprocessor]: 点云 57600 → 41235（自车 0，无效 16365），耗时 0.3 ms
[npc_controller-9] [INFO] [1786612001.584908704] [npc_controller_lead_car]: lead_car 停留结束，继续（航点 #1 → #2）
[lidar_preprocessor-3] [INFO] [1786612002.819797715] [lidar_preprocessor]: 点云 57600 → 41214（自车 0，无效 16386），耗时 0.3 ms
[lidar_preprocessor-3] [INFO] [1786612013.083528271] [lidar_preprocessor]: 点云 57600 → 41268（自车 0，无效 16332），耗时 0.3 ms
[npc_controller-9] [INFO] [1786612013.534901123] [npc_controller_lead_car]: lead_car 已走完全部航点，停住
[lidar_preprocessor-3] [INFO] [1786612023.427663578] [lidar_preprocessor]: 点云 57600 → 45231（自车 0，无效 12369），耗时 0.3 ms
[lidar_preprocessor-3] [INFO] [1786612033.722934489] [lidar_preprocessor]: 点云 57600 → 43822（自车 0，无效 13778），耗时 0.9 ms
[robot_state_publisher-5] [INFO] [1786612043.857843516] [rclcpp]: signal_handler(SIGINT/SIGTERM)
[control_node-15] [INFO] [1786612043.857879620] [rclcpp]: signal_handler(SIGINT/SIGTERM)
[npc_controller-9] [INFO] [1786612043.857922173] [rclcpp]: signal_handler(SIGINT/SIGTERM)
[lidar_preprocessor-3] [INFO] [1786612043.857920580] [rclcpp]: signal_handler(SIGINT/SIGTERM)
[map_node-13] [INFO] [1786612043.858063656] [rclcpp]: signal_handler(SIGINT/SIGTERM)
[parameter_bridge-2] [INFO] [1786612043.858608950] [rclcpp]: signal_handler(SIGINT/SIGTERM)
[prediction_node-12] [INFO] [1786612043.859108716] [rclcpp]: signal_handler(SIGINT/SIGTERM)
[parameter_bridge-8] [INFO] [1786612043.859585516] [rclcpp]: signal_handler(SIGINT/SIGTERM)
[perception_node-11] [INFO] [1786612043.859640169] [rclcpp]: signal_handler(SIGINT/SIGTERM)
[static_transform_publisher-6] [INFO] [1786612043.860038680] [rclcpp]: signal_handler(SIGINT/SIGTERM)
[vehicle_cmd_bridge-4] [INFO] [1786612043.860121704] [rclcpp]: signal_handler(SIGINT/SIGTERM)
[obstacle_truth-10] [INFO] [1786612043.861047106] [rclcpp]: signal_handler(SIGINT/SIGTERM)
[planning_node-14] [INFO] [1786612043.863260682] [rclcpp]: signal_handler(SIGINT/SIGTERM)
[INFO] [parameter_bridge-8]: process has finished cleanly [pid 101488]
[INFO] [static_transform_publisher-6]: process has finished cleanly [pid 101486]
[INFO] [parameter_bridge-2]: process has finished cleanly [pid 101482]
[INFO] [control_node-15]: process has finished cleanly [pid 101519]
[INFO] [planning_node-14]: process has finished cleanly [pid 101511]
[INFO] [prediction_node-12]: process has finished cleanly [pid 101498]
[INFO] [vehicle_cmd_bridge-4]: process has finished cleanly [pid 101484]
[INFO] [lidar_preprocessor-3]: process has finished cleanly [pid 101483]
[INFO] [obstacle_truth-10]: process has finished cleanly [pid 101490]
[INFO] [npc_controller-9]: process has finished cleanly [pid 101489]
[INFO] [perception_node-11]: process has finished cleanly [pid 101491]
[INFO] [map_node-13]: process has finished cleanly [pid 101503]
[INFO] [robot_state_publisher-5]: process has finished cleanly [pid 101485]
[ERROR] [gz-1]: process has died [pid 101481, exit code -11, cmd 'gz sim -s -r campus_loop.sdf'].
